Traceback (most recent call last):
  File "/usr/local/python/3.12.1/lib/python3.12/site-packages/jupyter_cache/executors/utils.py", line 58, in single_nb_execution
    executenb(
  File "/usr/local/python/3.12.1/lib/python3.12/site-packages/nbclient/client.py", line 1305, in execute
    return NotebookClient(nb=nb, resources=resources, km=km, **kwargs).execute()
           ^^^^^^^^^^^^^^^^^^^^^^^^^^^^^^^^^^^^^^^^^^^^^^^^^^^^^^^^^^^^^^^^^^^^^
  File "/home/codespace/.local/lib/python3.12/site-packages/jupyter_core/utils/__init__.py", line 165, in wrapped
    return loop.run_until_complete(inner)
           ^^^^^^^^^^^^^^^^^^^^^^^^^^^^^^
  File "/usr/local/python/3.12.1/lib/python3.12/asyncio/base_events.py", line 684, in run_until_complete
    return future.result()
           ^^^^^^^^^^^^^^^
  File "/usr/local/python/3.12.1/lib/python3.12/site-packages/nbclient/client.py", line 705, in async_execute
    await self.async_execute_cell(
  File "/usr/local/python/3.12.1/lib/python3.12/site-packages/nbclient/client.py", line 1058, in async_execute_cell
    await self._check_raise_for_error(cell, cell_index, exec_reply)
  File "/usr/local/python/3.12.1/lib/python3.12/site-packages/nbclient/client.py", line 914, in _check_raise_for_error
    raise CellExecutionError.from_cell_and_msg(cell, exec_reply_content)
nbclient.exceptions.CellExecutionError: An error occurred while executing the following cell:
------------------
# Membuat Forecaster
forecaster = ForecasterRecursive(
    regressor = LGBMRegressor(
        n_estimators  = 500,
        learning_rate = 0.05,
        max_depth     = 6,
        random_state  = 15926,
        verbose       = -1
    ),
    lags = 24
)

print("✅ Forecaster berhasil dibuat!")
print()
print(forecaster)
------------------


[31m---------------------------------------------------------------------------[39m
[31mTypeError[39m                                 Traceback (most recent call last)
[36mCell[39m[36m [39m[32mIn[8][39m[32m, line 2[39m
[32m      1[39m [38;5;66;03m# Membuat Forecaster[39;00m
[32m----> [39m[32m2[39m forecaster = [43mForecasterRecursive[49m[43m([49m
[32m      3[39m [43m    [49m[43mregressor[49m[43m [49m[43m=[49m[43m [49m[43mLGBMRegressor[49m[43m([49m
[32m      4[39m [43m        [49m[43mn_estimators[49m[43m  [49m[43m=[49m[43m [49m[32;43m500[39;49m[43m,[49m
[32m      5[39m [43m        [49m[43mlearning_rate[49m[43m [49m[43m=[49m[43m [49m[32;43m0.05[39;49m[43m,[49m
[32m      6[39m [43m        [49m[43mmax_depth[49m[43m     [49m[43m=[49m[43m [49m[32;43m6[39;49m[43m,[49m
[32m      7[39m [43m        [49m[43mrandom_state[49m[43m  [49m[43m=[49m[43m [49m[32;43m15926[39;49m[43m,[49m
[32m      8[39m [43m        [49m[43mverbose[49m[43m       [49m[43m=[49m[43m [49m[43m-[49m[32;43m1[39;49m
[32m      9[39m [43m    [49m[43m)[49m[43m,[49m
[32m     10[39m [43m    [49m[43mlags[49m[43m [49m[43m=[49m[43m [49m[32;43m24[39;49m
[32m     11[39m [43m)[49m
[32m     13[39m [38;5;28mprint[39m([33m"[39m[33m✅ Forecaster berhasil dibuat![39m[33m"[39m)
[32m     14[39m [38;5;28mprint[39m()

[31mTypeError[39m: ForecasterRecursive.__init__() got an unexpected keyword argument 'regressor'

